Renesas Optimizing Linker (W2.08.00 )             09-Oct-2018 11:56:40

*** Options ***

-subcommand=Linkerrx64m_rsk.tmp
-library="C:\Users\User\Desktop\TEST\rx64m_rsk\r_t4_rx\lib\T4_Library_rxv1_ether_little.lib"
-noprelink
-input=".\r_bsp/board/rskrx64m\dbsct.obj"
-input=".\r_bsp/board/rskrx64m\hwsetup.obj"
-input=".\r_bsp/board/rskrx64m\lowlvl.obj"
-input=".\r_bsp/board/rskrx64m\lowsrc.obj"
-input=".\r_bsp/board/rskrx64m\resetprg.obj"
-input=".\r_bsp/board/rskrx64m\sbrk.obj"
-input=".\r_bsp/board/rskrx64m\vecttbl.obj"
-input=".\r_bsp/mcu/all\r_bsp_common.obj"
-input=".\r_bsp/mcu/rx64m\cpu.obj"
-input=".\r_bsp/mcu/rx64m\locking.obj"
-input=".\r_bsp/mcu/rx64m\mcu_clocks.obj"
-input=".\r_bsp/mcu/rx64m\mcu_init.obj"
-input=".\r_bsp/mcu/rx64m\mcu_interrupts.obj"
-input=".\r_bsp/mcu/rx64m\mcu_locks.obj"
-input=".\r_bsp/mcu/rx64m\mcu_mapped_interrupts.obj"
-input=".\r_cmt_rx/src\r_cmt_rx.obj"
-input=".\r_ether_rx/src/phy\phy.obj"
-input=".\r_ether_rx/src\r_ether_rx.obj"
-input=".\r_ether_rx/src/targets/rx64m\r_ether_setting_rx64m.obj"
-input=".\r_pincfg\r_pinset.obj"
-input=".\r_sys_time_rx/src\r_sys_time_rx.obj"
-input=".\r_t4_driver_rx/src\ether_callback.obj"
-input=".\r_t4_driver_rx/src\t4_driver.obj"
-input=".\r_t4_driver_rx/src\timer.obj"
-input=".\src\main.obj"
-input=".\src/tcp_blocking_sample\config_tcpudp.obj"
-input=".\src/tcp_blocking_sample\echo_srv.obj"
-library=".\rx64m_rsk.lib"
-start=B_ETHERNET_BUFFERS_1,B_RX_DESC_1,B_TX_DESC_1,SU,SI,B_1,R_1,B_2,R_2,B,R/0100,C_1,C_2,C,C$*,D*,W*,L,P*/0FFC00000,EXCEPTVECT/0FFFFFF80,RESETVECT/0FFFFFFFC
-output="rx64m_rsk.abs"
-form=absolute
-nomessage
-vect=_undefined_interrupt_source_isr
-list=rx64m_rsk.map
-nooptimize
-rom=D=R,D_1=R_1,D_2=R_2

*** Error information ***

*** Mapping List ***

SECTION                            START      END         SIZE   ALIGN
B_ETHERNET_BUFFERS_1
                                  00000100  000018ff      1800   1
B_RX_DESC_1
                                  00001900  0000191f        20   1
B_TX_DESC_1
                                  00001920  0000193f        20   1
SU
                                  00001940  0000293f      1000   4
SI
                                  00002940  0000313f       800   4
B_1
                                  00003140  00003188        49   1
R_1
                                  00003189  0000320e        86   1
B_2
                                  00003210  00003261        52   2
R_2
                                  00003262  00003262         0   1
B
                                  00003264  0000783f      45dc   4
R
                                  00007840  00007abb       27c   4
$ADDR_C_120040
                                  00120040  00120043         4   1
$ADDR_C_120048
                                  00120048  0012004b         4   1
$ADDR_C_120050
                                  00120050  0012006f        20   1
C_1
                                  ffc00000  ffc002bd       2be   1
C_2
                                  ffc002be  ffc004df       222   2
C
                                  ffc004e0  ffc00cd7       7f8   4
C$DSEC
                                  ffc00cd8  ffc00cfb        24   4
C$BSEC
                                  ffc00cfc  ffc00d13        18   4
C$VECT
                                  ffc00d14  ffc01113       400   4
D
                                  ffc01114  ffc0138f       27c   4
D_1
                                  ffc01390  ffc01415        86   1
D_2
                                  ffc01416  ffc01416         0   1
W
                                  ffc01416  ffc01416         0   1
W_1
                                  ffc01416  ffc01416         0   1
W_2
                                  ffc01416  ffc01416         0   1
L
                                  ffc01418  ffc0175c       345   4
P
                                  ffc0175d  ffc0c927      b1cb   1
EXCEPTVECT
                                  ffffff80  fffffffb        7c   4
RESETVECT
                                  fffffffc  ffffffff         4   4
