Renesas Optimizing Linker (W2.08.00 )             08-Nov-2018 10:03:49

*** Options ***

-subcommand=D:\Renesas\workspace\CS+\ethernet\rx64m_rsk\HardwareDebug\rx64m_rsk.clnk
-library=rx64m_rsk.lib
-input=HardwareDebug\dbsct.obj
-input=HardwareDebug\hwsetup.obj
-input=HardwareDebug\lowlvl.obj
-input=HardwareDebug\lowsrc.obj
-input=HardwareDebug\resetprg.obj
-input=HardwareDebug\sbrk.obj
-input=HardwareDebug\vecttbl.obj
-input=HardwareDebug\r_bsp_common.obj
-input=HardwareDebug\cpu.obj
-input=HardwareDebug\locking.obj
-input=HardwareDebug\mcu_clocks.obj
-input=HardwareDebug\mcu_init.obj
-input=HardwareDebug\mcu_interrupts.obj
-input=HardwareDebug\mcu_locks.obj
-input=HardwareDebug\mcu_mapped_interrupts.obj
-input=HardwareDebug\r_cmt_rx.obj
-input=HardwareDebug\phy.obj
-input=HardwareDebug\r_ether_rx.obj
-input=HardwareDebug\r_ether_setting_rx64m.obj
-input=HardwareDebug\r_pinset.obj
-input=HardwareDebug\r_sys_time_rx.obj
-input=HardwareDebug\ether_callback.obj
-input=HardwareDebug\t4_driver.obj
-input=HardwareDebug\timer.obj
-input=HardwareDebug\main.obj
-input=HardwareDebug\echo_srv.obj
-input=HardwareDebug\config_tcpudp.obj
-input=HardwareDebug\r_sci_rx.obj
-input=HardwareDebug\r_sci_rx64m.obj
-input=HardwareDebug\r_sci_rx64m_data.obj
-input=HardwareDebug\r_byteq.obj
-input=HardwareDebug\r_s12ad_rx.obj
-input=HardwareDebug\r_s12ad_rx63x.obj
-input=HardwareDebug\r_s12ad_rx64m.obj
-input=HardwareDebug\r_s12ad_rx65x.obj
-library=D:\Renesas\workspace\CS+\ethernet\rx64m_rsk/../rx64m_rsk/r_t4_rx/lib/T4_Library_rxv1_ether_little.lib
-noprelink
-output=rx64m_rsk.abs
-vect=_undefined_interrupt_source_isr
-list=rx64m_rsk.map
-nooptimize
-start=B_ETHERNET_BUFFERS_1,B_RX_DESC_1,B_TX_DESC_1,SU,SI,B_1,R_1,B_2,R_2,B,R/0100,C_1,C_2,C,C$*,D*,W*,L,P*/0FFC00000,EXCEPTVECT/0FFFFFF80,RESETVECT/0FFFFFFFC
-rom=D=R,D_1=R_1,D_2=R_2
-end

*** Error information ***

*** Mapping List ***

SECTION                            START      END         SIZE   ALIGN
B_ETHERNET_BUFFERS_1
                                  00000100  000018ff      1800   1
B_RX_DESC_1
                                  00001900  0000191f        20   1
B_TX_DESC_1
                                  00001920  0000193f        20   1
SU
                                  00001940  0000293f      1000   4
SI
                                  00002940  0000313f       800   4
B_1
                                  00003140  00003228        e9   1
R_1
                                  00003229  000032af        87   1
B_2
                                  000032b0  00003303        54   2
R_2
                                  00003304  00003305         2   2
B
                                  00003308  00007913      460c   4
R
                                  00007914  00007bc7       2b4   4
$ADDR_C_120040
                                  00120040  00120043         4   1
$ADDR_C_120048
                                  00120048  0012004b         4   1
$ADDR_C_120050
                                  00120050  0012006f        20   1
C_1
                                  ffc00000  ffc001bd       1be   1
C_2
                                  ffc001be  ffc00415       258   2
C
                                  ffc00418  ffc00daf       998   4
C$DSEC
                                  ffc00db0  ffc00dd3        24   4
C$BSEC
                                  ffc00dd4  ffc00deb        18   4
C$VECT
                                  ffc00dec  ffc011eb       400   4
D
                                  ffc011ec  ffc0149f       2b4   4
D_1
                                  ffc014a0  ffc01526        87   1
D_2
                                  ffc01528  ffc01529         2   2
W
                                  ffc0152c  ffc0152c         0   4
W_1
                                  ffc0152c  ffc0152c         0   1
W_2
                                  ffc0152c  ffc0154b        20   2
L
                                  ffc0154c  ffc0182c       2e1   4
P
                                  ffc0182d  ffc0dec6      c69a   1
EXCEPTVECT
                                  ffffff80  fffffffb        7c   4
RESETVECT
                                  fffffffc  ffffffff         4   4
