Renesas Optimizing Linker (W3.02.00 )             07-Jul-2020 10:58:42

*** Options ***

-MAKEUD=thu_rx64m_rsk.lk.ud
-subcommand=D:\RX64M\LAB\THULake\THULakeMeasure\HardwareDebug\thu_rx64m_rsk.clnk
-library=thu_rx64m_rsk.lib
-input=HardwareDebug\dbsct.obj
-input=HardwareDebug\hwsetup.obj
-input=HardwareDebug\lowlvl.obj
-input=HardwareDebug\lowsrc.obj
-input=HardwareDebug\resetprg.obj
-input=HardwareDebug\sbrk.obj
-input=HardwareDebug\vecttbl.obj
-input=HardwareDebug\r_bsp_common.obj
-input=HardwareDebug\cpu.obj
-input=HardwareDebug\locking.obj
-input=HardwareDebug\mcu_clocks.obj
-input=HardwareDebug\mcu_init.obj
-input=HardwareDebug\mcu_interrupts.obj
-input=HardwareDebug\mcu_locks.obj
-input=HardwareDebug\mcu_mapped_interrupts.obj
-input=HardwareDebug\r_cmt_rx.obj
-input=HardwareDebug\phy.obj
-input=HardwareDebug\r_ether_rx.obj
-input=HardwareDebug\r_ether_setting_rx64m.obj
-input=HardwareDebug\r_pinset.obj
-input=HardwareDebug\r_sys_time_rx.obj
-input=HardwareDebug\ether_callback.obj
-input=HardwareDebug\t4_driver.obj
-input=HardwareDebug\timer.obj
-input=HardwareDebug\main.obj
-input=HardwareDebug\echo_srv.obj
-input=HardwareDebug\config_tcpudp.obj
-input=HardwareDebug\r_sci_rx.obj
-input=HardwareDebug\r_sci_rx64m.obj
-input=HardwareDebug\r_sci_rx64m_data.obj
-input=HardwareDebug\r_byteq.obj
-input=HardwareDebug\r_s12ad_rx.obj
-input=HardwareDebug\r_s12ad_rx63x.obj
-input=HardwareDebug\r_s12ad_rx64m.obj
-input=HardwareDebug\r_s12ad_rx65x.obj
-library=r_t4_rx\lib\T4_Library_rxv1_ether_little.lib
-noprelink
-output=thu_rx64m_rsk.abs
-vect=_undefined_interrupt_source_isr
-list=thu_rx64m_rsk.map
-start=B_ETHERNET_BUFFERS_1,B_RX_DESC_1,B_TX_DESC_1,SU,SI,B_1,R_1,B_2,R_2,B,R/0100,C_1,C_2,C,C$*,D*,W*,L,P*/0FFC00000,EXCEPTVECT/0FFFFFF80,RESETVECT/0FFFFFFFC
-rom=D=R,D_1=R_1,D_2=R_2
-end

*** Error information ***

*** Mapping List ***

SECTION                            START      END         SIZE   ALIGN
B_ETHERNET_BUFFERS_1
                                  00000100  000018ff      1800   1
B_RX_DESC_1
                                  00001900  0000191f        20   1
B_TX_DESC_1
                                  00001920  0000193f        20   1
SU
                                  00001940  0000293f      1000   4
SI
                                  00002940  0000313f       800   4
B_1
                                  00003140  0000348d       34e   1
R_1
                                  0000348e  00003516        89   1
B_2
                                  00003518  00003569        52   2
R_2
                                  0000356a  0000356a         0   1
B
                                  0000356c  000057e7      227c   4
R
                                  000057e8  00005adf       2f8   4
$ADDR_C_120040
                                  00120040  00120043         4   1
$ADDR_C_120048
                                  00120048  0012004b         4   1
$ADDR_C_120050
                                  00120050  0012006f        20   1
C_1
                                  ffc00000  ffc001bd       1be   1
C_2
                                  ffc001be  ffc00415       258   2
C
                                  ffc00418  ffc00da3       98c   4
C$DSEC
                                  ffc00da4  ffc00dc7        24   4
C$BSEC
                                  ffc00dc8  ffc00ddf        18   4
C$VECT
                                  ffc00de0  ffc011df       400   4
D
                                  ffc011e0  ffc014d7       2f8   4
D_1
                                  ffc014d8  ffc01560        89   1
D_2
                                  ffc01561  ffc01561         0   1
W
                                  ffc01564  ffc01564         0   4
W_1
                                  ffc01564  ffc01564         0   1
W_2
                                  ffc01564  ffc01583        20   2
L
                                  ffc01584  ffc01904       381   4
P
                                  ffc01905  ffc0e1e8      c8e4   1
EXCEPTVECT
                                  ffffff80  fffffffb        7c   4
RESETVECT
                                  fffffffc  ffffffff         4   4
