Renesas Optimizing Linker (W3.01.00 )             24-Apr-2020 12:16:59

*** Options ***

-subcommand=D:\RX64M\LAB\thu_rx64m_rsk_LoRaWAN_Sensor_Loop\HardwareDebug\thu_rx64m_rsk.clnk
-library=thu_rx64m_rsk.lib
-input=HardwareDebug\r_pinset.obj
-input=HardwareDebug\r_sys_time_rx.obj
-input=HardwareDebug\main.obj
-input=HardwareDebug\r_sci_rx.obj
-input=HardwareDebug\r_sci_rx64m.obj
-input=HardwareDebug\r_sci_rx64m_data.obj
-input=HardwareDebug\r_byteq.obj
-input=HardwareDebug\r_s12ad_rx.obj
-input=HardwareDebug\r_s12ad_rx63x.obj
-input=HardwareDebug\r_s12ad_rx64m.obj
-input=HardwareDebug\r_s12ad_rx65x.obj
-input=HardwareDebug\r_cg_hardware_setup.obj
-input=HardwareDebug\r_smc_cgc.obj
-input=HardwareDebug\r_smc_cgc_user.obj
-input=HardwareDebug\r_smc_interrupt.obj
-input=HardwareDebug\hwsetup.obj
-input=HardwareDebug\r_bsp_common.obj
-input=HardwareDebug\mcu_clocks.obj
-input=HardwareDebug\mcu_init.obj
-input=HardwareDebug\mcu_interrupts.obj
-input=HardwareDebug\mcu_mapped_interrupts.obj
-input=HardwareDebug\Pin.obj
-input=HardwareDebug\dbsct.obj
-input=HardwareDebug\lowlvl.obj
-input=HardwareDebug\lowsrc.obj
-input=HardwareDebug\mcu_locks.obj
-input=HardwareDebug\resetprg.obj
-input=HardwareDebug\reset_program.obj
-input=HardwareDebug\r_bsp_cpu.obj
-input=HardwareDebug\r_bsp_interrupts.obj
-input=HardwareDebug\r_bsp_locking.obj
-input=HardwareDebug\r_bsp_mcu_startup.obj
-input=HardwareDebug\r_rx_intrinsic_functions.obj
-input=HardwareDebug\sbrk.obj
-input=HardwareDebug\vecttbl.obj
-input=HardwareDebug\r_cmt.obj
-input=HardwareDebug\r_cmt_user.obj
-input=HardwareDebug\r_interrupt.obj
-input=HardwareDebug\r_interrupt_user.obj
-input=HardwareDebug\r_cmt_rx.obj
-input=HardwareDebug\TmManager.obj
-input=HardwareDebug\r_cmtw_rx.obj
-noprelink
-output=thu_rx64m_rsk.abs
-vect=_undefined_interrupt_source_isr
-list=thu_rx64m_rsk.map
-start=SU,SI,B_1,R_1,B_2,R_2,B,R/4,C_1,C_2,C,C$*,D*,W*,L,P*/FFC00000,EXCEPTVECT/FFFFFF80,RESETVECT/FFFFFFFC
-rom=D=R,D_1=R_1,D_2=R_2
-end

*** Error information ***

E0562142:Interrupt number "30" of "C$VECT" has multiple definition
