Renesas Optimizing Linker (W3.02.00 )             08-Dec-2020 21:11:50

*** Options ***

-MAKEUD=thu_rx64m_rsk.lk.ud
-subcommand=E:\6.Workshop\3.RX64M\Project\THU_THULake\HardwareDebug\thu_rx64m_rsk.clnk
-library=thu_rx64m_rsk.lib
-input=HardwareDebug\dbsct.obj
-input=HardwareDebug\hwsetup.obj
-input=HardwareDebug\lowlvl.obj
-input=HardwareDebug\lowsrc.obj
-input=HardwareDebug\resetprg.obj
-input=HardwareDebug\sbrk.obj
-input=HardwareDebug\vecttbl.obj
-input=HardwareDebug\r_bsp_common.obj
-input=HardwareDebug\cpu.obj
-input=HardwareDebug\locking.obj
-input=HardwareDebug\mcu_clocks.obj
-input=HardwareDebug\mcu_init.obj
-input=HardwareDebug\mcu_interrupts.obj
-input=HardwareDebug\mcu_locks.obj
-input=HardwareDebug\mcu_mapped_interrupts.obj
-input=HardwareDebug\r_pinset.obj
-input=HardwareDebug\r_sys_time_rx.obj
-input=HardwareDebug\main.obj
-input=HardwareDebug\r_sci_rx.obj
-input=HardwareDebug\r_sci_rx64m.obj
-input=HardwareDebug\r_sci_rx64m_data.obj
-input=HardwareDebug\r_byteq.obj
-input=HardwareDebug\r_cmt_rx.obj
-noprelink
-output=thu_rx64m_rsk.abs
-vect=_undefined_interrupt_source_isr
-list=thu_rx64m_rsk.map
-start=B_ETHERNET_BUFFERS_1,B_RX_DESC_1,B_TX_DESC_1,SU,SI,B_1,R_1,B_2,R_2,B,R/0100,C_1,C_2,C,C$*,D*,W*,L,P*/0FFC00000,EXCEPTVECT/0FFFFFF80,RESETVECT/0FFFFFFFC
-rom=D=R,D_1=R_1,D_2=R_2
-end

*** Error information ***

W0561100:Cannot find "B_ETHERNET_BUFFERS_1" specified in option "start"
W0561100:Cannot find "B_RX_DESC_1" specified in option "start"
W0561100:Cannot find "B_TX_DESC_1" specified in option "start"

*** Mapping List ***

SECTION                            START      END         SIZE   ALIGN
SU
                                  00000100  000010ff      1000   4
SI
                                  00001100  000018ff       800   4
B_1
                                  00001900  00001c2d       32e   1
R_1
                                  00001c2e  00001c8c        5f   1
B_2
                                  00001c8e  00001c95         8   2
R_2
                                  00001c96  00001c97         2   2
B
                                  00001c98  0000267f       9e8   4
R
                                  00002680  00002953       2d4   4
$ADDR_C_120040
                                  00120040  00120043         4   1
$ADDR_C_120048
                                  00120048  0012004b         4   1
$ADDR_C_120050
                                  00120050  0012006f        20   1
C_1
                                  ffc00000  ffc000dd        de   1
C_2
                                  ffc000de  ffc0031b       23e   2
C
                                  ffc0031c  ffc007d7       4bc   4
C$DSEC
                                  ffc007d8  ffc007fb        24   4
C$BSEC
                                  ffc007fc  ffc00813        18   4
C$VECT
                                  ffc00814  ffc00c13       400   4
D
                                  ffc00c14  ffc00ee7       2d4   4
D_1
                                  ffc00ee8  ffc00f46        5f   1
D_2
                                  ffc00f48  ffc00f49         2   2
W
                                  ffc00f4a  ffc00f4a         0   1
W_1
                                  ffc00f4a  ffc00f4a         0   1
W_2
                                  ffc00f4a  ffc00f4a         0   1
L
                                  ffc00f4c  ffc01154       209   4
P
                                  ffc01155  ffc05bd9      4a85   1
EXCEPTVECT
                                  ffffff80  fffffffb        7c   4
RESETVECT
                                  fffffffc  ffffffff         4   4
