Renesas Optimizing Linker (W3.01.00 )             24-Apr-2020 12:25:37

*** Options ***

-subcommand=D:\RX64M\LAB\thu_rx64m_rsk_LoRaWAN_Sensor_pack\HardwareDebug\thu_rx64m.clnk
-library=thu_rx64m.lib
-input=HardwareDebug\dbsct.obj
-input=HardwareDebug\hwsetup.obj
-input=HardwareDebug\lowsrc.obj
-input=HardwareDebug\resetprg.obj
-input=HardwareDebug\sbrk.obj
-input=HardwareDebug\vecttbl.obj
-input=HardwareDebug\r_bsp_common.obj
-input=HardwareDebug\cpu.obj
-input=HardwareDebug\locking.obj
-input=HardwareDebug\mcu_clocks.obj
-input=HardwareDebug\mcu_init.obj
-input=HardwareDebug\mcu_interrupts.obj
-input=HardwareDebug\mcu_locks.obj
-input=HardwareDebug\mcu_mapped_interrupts.obj
-input=HardwareDebug\r_cmt_rx.obj
-input=HardwareDebug\r_pinset.obj
-input=HardwareDebug\r_sys_time_rx.obj
-input=HardwareDebug\main.obj
-input=HardwareDebug\r_sci_rx.obj
-input=HardwareDebug\r_sci_rx64m.obj
-input=HardwareDebug\r_sci_rx64m_data.obj
-input=HardwareDebug\r_byteq.obj
-input=HardwareDebug\lowlvl.obj
-input=HardwareDebug\r_cmtw_rx.obj
-input=HardwareDebug\TmManager.obj
-noprelink
-output=thu_rx64m.abs
-vect=_undefined_interrupt_source_isr
-list=thu_rx64m.map
-show=symbol,total_size
-nooptimize
-start=B_ETHERNET_BUFFERS_1,B_RX_DESC_1,B_TX_DESC_1,SU,SI,B_1,R_1,B_2,R_2,B,R/00000100,C_1,C_2,C,C$*,D*,W*,L,P*/0FFC00000,EXCEPTVECT/0FFFFFF80,RESETVECT/0FFFFFFFC
-rom=D=R,D_1=R_1,D_2=R_2
-nologo
-end

*** Error information ***

W0561100:Cannot find "B_ETHERNET_BUFFERS_1" specified in option "start"
W0561100:Cannot find "B_RX_DESC_1" specified in option "start"
W0561100:Cannot find "B_TX_DESC_1" specified in option "start"

*** Mapping List ***

SECTION                            START      END         SIZE   ALIGN
SU
                                  00000100  0004b0ff     4b000   4
SI
                                  0004b100  0004b8ff       800   4
B_1
                                  0004b900  0004c2bc       9bd   1
R_1
                                  0004c2bd  0004c310        54   1
B_2
                                  0004c312  0004c319         8   2
R_2
                                  0004c31a  0004c31a         0   1
B
                                  0004c31c  0004cd07       9ec   4
R
                                  0004cd08  0004d01f       318   4
$ADDR_C_120040
                                  00120040  00120043         4   1
$ADDR_C_120048
                                  00120048  0012004b         4   1
$ADDR_C_120050
                                  00120050  0012006f        20   1
C_1
                                  ffc00000  ffc000dd        de   1
C_2
                                  ffc000de  ffc0031b       23e   2
C
                                  ffc0031c  ffc008c7       5ac   4
C$DSEC
                                  ffc008c8  ffc008eb        24   4
C$BSEC
                                  ffc008ec  ffc00903        18   4
C$VECT
                                  ffc00904  ffc00d03       400   4
D
                                  ffc00d04  ffc0101b       318   4
D_1
                                  ffc0101c  ffc0106f        54   1
D_2
                                  ffc01070  ffc01070         0   1
W
                                  ffc01070  ffc01070         0   1
W_1
                                  ffc01070  ffc01070         0   1
W_2
                                  ffc01070  ffc01070         0   1
L
                                  ffc01070  ffc01254       1e5   4
P
                                  ffc01255  ffc084a3      724f   1
EXCEPTVECT
                                  ffffff80  fffffffb        7c   4
RESETVECT
                                  fffffffc  ffffffff         4   4

*** Total Section Size ***

RAMDATA SECTION:  0004cf1d Byte(s)
ROMDATA SECTION:  000012fd Byte(s)
PROGRAM SECTION:  0000724f Byte(s)

*** Symbol List ***

SECTION=
FILE=                               START        END    SIZE
  SYMBOL                            ADDR        SIZE    INFO      COUNTS  OPT

SECTION=SU
FILE=HardwareDebug\resetprg.obj
                                  00000100  0004b0ff     4b000

SECTION=SI
FILE=HardwareDebug\resetprg.obj
                                  0004b100  0004b8ff       800

SECTION=B_1
FILE=HardwareDebug\lowsrc.obj
                                  0004b900  0004b927        28
  _flmod
                                  0004b900        14   data ,g         * 
  _sml_buf
                                  0004b914        14   data ,g         * 
FILE=HardwareDebug\main.obj
                                  0004b928  0004b95c        35
  _rtnData
                                  0004b928         d   data ,g         * 
  _sendCMD
                                  0004b935        28   data ,g         * 
FILE=HardwareDebug\r_sci_rx.obj
                                  0004b95d  0004c2bc       960
  _ch1_tx_buf
                                  0004b95d        50   data ,l         * 
  _ch1_rx_buf
                                  0004b9ad        50   data ,l         * 
  _ch6_tx_buf
                                  0004b9fd        50   data ,l         * 
  _ch6_rx_buf
                                  0004ba4d        50   data ,l         * 
  _ch7_tx_buf
                                  0004ba9d        50   data ,l         * 
  _ch7_rx_buf
                                  0004baed       7d0   data ,l         * 

SECTION=R_1
FILE=HardwareDebug\main.obj
                                  0004c2bd  0004c2be         2
  _rtnSend
                                  0004c2bd         1   data ,g         * 
  _RecValue
                                  0004c2be         1   data ,g         * 
FILE=HardwareDebug\r_byteq.obj
                                  0004c2bf  0004c2bf         1
  _qcb_init$1
                                  0004c2bf         1   data ,l         * 
FILE=xfiles
                                  0004c2c0  0004c30f        50
  _ebuf
                                  0004c2c0        50   data ,l         * 
FILE=xstate
                                  0004c310  0004c310         1
  __Mbcurmax
                                  0004c310         1   data ,g         * 

SECTION=B_2
FILE=HardwareDebug\cpu.obj
                                  0004c312  0004c319         8
  _g_protect_counters
                                  0004c312         8   data ,l         * 

SECTION=B
FILE=HardwareDebug\lowsrc.obj
                                  0004c31c  0004c36b        50
  __Files
                                  0004c31c        50   data ,g         * 
FILE=HardwareDebug\sbrk.obj
                                  0004c36c  0004c76b       400
  _heap_area
                                  0004c36c       400   data ,l         * 
FILE=HardwareDebug\mcu_interrupts.obj
                                  0004c76c  0004c8bf       154
  _g_bsp_vectors
                                  0004c76c       154   data ,l         * 
FILE=HardwareDebug\mcu_locks.obj
                                  0004c8c0  0004ca93       1d4
  _g_bsp_Locks
                                  0004c8c0       1d4   data ,g         * 
FILE=HardwareDebug\r_cmt_rx.obj
                                  0004ca94  0004cab3        20
  _g_cmt_modes
                                  0004ca94        10   data ,l         * 
  _g_cmt_callbacks
                                  0004caa4        10   data ,l         * 
FILE=HardwareDebug\r_sys_time_rx.obj
                                  0004cab4  0004ccc7       214
  _sys_time_private
                                  0004cab4        2c   data ,l         * 
  _sys_time_cmt_channel
                                  0004cae0         4   data ,l         * 
  _process_list
                                  0004cae4       1e0   data ,l         * 
  __1s_timer$1
                                  0004ccc4         4   data ,l         * 
FILE=HardwareDebug\main.obj
                                  0004ccc8  0004ccd3         c
  _g_my_sci_handle_ch1
                                  0004ccc8         4   data ,l         * 
  _g_my_sci_handle_ch2
                                  0004cccc         4   data ,l         * 
  _rtnRecieve
                                  0004ccd0         4   data ,g         * 
FILE=HardwareDebug\r_byteq.obj
                                  0004ccd4  0004cd03        30
  _g_qcb
                                  0004ccd4        30   data ,l         * 
FILE=_errno
                                  0004cd04  0004cd07         4
  __errno
                                  0004cd04         4   data ,g         * 

SECTION=R
FILE=HardwareDebug\lowsrc.obj
                                  0004cd08  0004cd1b        14
  _env_list
                                  0004cd08        10   data ,g         * 
  _environ
                                  0004cd18         4   data ,g         * 
FILE=HardwareDebug\sbrk.obj
                                  0004cd1c  0004cd1f         4
  _brk
                                  0004cd1c         4   data ,l         * 
FILE=HardwareDebug\r_sys_time_rx.obj
                                  0004cd20  0004cd23         4
  _sys_time_opened_flag
                                  0004cd20         4   data ,l         * 
FILE=HardwareDebug\main.obj
                                  0004cd24  0004cd2b         8
  _i
                                  0004cd24         4   data ,g         * 
  _pValue
                                  0004cd28         4   data ,g         * 
FILE=HardwareDebug\r_sci_rx64m_data.obj
                                  0004cd2c  0004cd8b        60
  _ch1_ctrl
                                  0004cd2c        20   data ,g         * 
  _ch6_ctrl
                                  0004cd4c        20   data ,g         * 
  _ch7_ctrl
                                  0004cd6c        20   data ,g         * 
FILE=HardwareDebug\r_cmtw_rx.obj
                                  0004cd8c  0004cdcb        40
  _g_cmtw_ctrl_ch0
                                  0004cd8c        20   data ,l         * 
  _g_cmtw_ctrl_ch1
                                  0004cdac        20   data ,l         * 
FILE=HardwareDebug\TmManager.obj
                                  0004cdcc  0004cddb        10
  _Down1ms
                                  0004cdcc        10   data ,g         * 
FILE=xfiles
                                  0004cddc  0004ceb3        d8
  __Stdin
                                  0004cddc        48   data ,g         * 
  __Stdout
                                  0004ce24        48   data ,g         * 
  __Stderr
                                  0004ce6c        48   data ,g         * 
FILE=xprintf
                                  0004ceb4  0004ceb7         4
  _stderr
                                  0004ceb4         4   data ,g         * 
FILE=xctype
                                  0004ceb8  0004cebf         8
  __Ctype
                                  0004ceb8         4   data ,g         * 
  __Tls_setup__Ctype
                                  0004cebc         4   data ,g         * 
FILE=malloc
                                  0004cec0  0004cec7         8
  __Aldata
                                  0004cec0         8   data ,g         * 
FILE=xstate
                                  0004cec8  0004cf0f        48
  __Tls_setup__Mbcurmax
                                  0004cec8         4   data ,g         * 
  __Mbstate
                                  0004cecc        40   data ,g         * 
  __Tls_setup__Mbstate
                                  0004cf0c         4   data ,g         * 
FILE=localeco
                                  0004cf10  0004cf63        54
  __Locale
                                  0004cf10        50   data ,g         * 
  __Tls_setup__Locale
                                  0004cf60         4   data ,g         * 
FILE=xwcstate
                                  0004cf64  0004cfa7        44
  __Wcstate
                                  0004cf64        40   data ,g         * 
  __Tls_setup__Wcstate
                                  0004cfa4         4   data ,g         * 
FILE=xfvalues
                                  0004cfa8  0004d01f        78
  __FDenorm
                                  0004cfa8        10   data ,g         * 
  __FEps
                                  0004cfb8        10   data ,g         * 
  __FHugeval
                                  0004cfc8        10   data ,g         * 
  __FInf
                                  0004cfd8        10   data ,g         * 
  __FNan
                                  0004cfe8        10   data ,g         * 
  __FSnan
                                  0004cff8        10   data ,g         * 
  __FRteps
                                  0004d008        10   data ,g         * 
  __FXbig
                                  0004d018         4   data ,g         * 
  __FZero
                                  0004d01c         4   data ,g         * 

SECTION=$ADDR_C_120040
FILE=HardwareDebug\vecttbl.obj
                                  00120040  00120043         4
  ___SPCCreg
                                  00120040         4   data ,g         * 

SECTION=$ADDR_C_120048
FILE=HardwareDebug\vecttbl.obj
                                  00120048  0012004b         4
  ___TMEFreg
                                  00120048         4   data ,g         * 

SECTION=$ADDR_C_120050
FILE=HardwareDebug\vecttbl.obj
                                  00120050  0012006f        20
  ___OSISreg
                                  00120050        10   data ,g         * 
  ___TMINFreg
                                  00120060         4   data ,g         * 
  ___MDEreg
                                  00120064         4   data ,g         * 
  ___OFS0reg
                                  00120068         4   data ,g         * 
  ___OFS1reg
                                  0012006c         4   data ,g         * 

SECTION=C_1
FILE=HardwareDebug\r_sys_time_rx.obj
                                  ffc00000  ffc0000b         c
  _year_data
                                  ffc00000         c   data ,l         * 
FILE=xprintf
                                  ffc0000c  ffc00015         a
  _fchar$1
                                  ffc0000c         a   data ,l         * 
FILE=xputtxt
                                  ffc00016  ffc000ba        a5
  _spaces
                                  ffc00016        21   data ,l         * 
  _zeroes
                                  ffc00037        21   data ,l         * 
  _asterisk
                                  ffc00058        21   data ,l         * 
  _plus
                                  ffc00079        21   data ,l         * 
  _minus
                                  ffc0009a        21   data ,l         * 
FILE=xlitob
                                  ffc000bb  ffc000dc        22
  _ldigs
                                  ffc000bb        11   data ,l         * 
  _udigs
                                  ffc000cc        11   data ,l         * 
FILE=localeco
                                  ffc000dd  ffc000dd         1
  _null
                                  ffc000dd         1   data ,l         * 

SECTION=C_2
FILE=HardwareDebug\cpu.obj
                                  ffc000de  ffc000e3         6
  _g_prcr_masks
                                  ffc000de         6   data ,l         * 
FILE=HardwareDebug\r_sci_rx64m_data.obj
                                  ffc000e4  ffc00119        36
  _async_baud
                                  ffc000e4        36   data ,g         * 
FILE=xctype
                                  ffc0011a  ffc0031b       202
  _ctyp_tab
                                  ffc0011a       202   data ,l         * 

SECTION=C
FILE=HardwareDebug\dbsct.obj
                                  ffc0031c  ffc00333        18
  __CTBL
                                  ffc0031c        18   data ,g         * 
FILE=HardwareDebug\lowsrc.obj
                                  ffc00334  ffc00337         4
  __nfiles
                                  ffc00334         4   data ,g         * 
FILE=HardwareDebug\r_cmt_rx.obj
                                  ffc00338  ffc00357        20
  _g_cmt_channels
                                  ffc00338        10   data ,l         * 
  _g_cmt_clock_dividers
                                  ffc00348        10   data ,l         * 
FILE=HardwareDebug\r_sys_time_rx.obj
                                  ffc00358  ffc00663       30c
  _time_offset_tbl
                                  ffc00358       30c   data ,l         * 
FILE=HardwareDebug\r_sci_rx64m_data.obj
                                  ffc00664  ffc0074b        e8
  _ch1_rom
                                  ffc00664        3c   data ,g         * 
  _ch6_rom
                                  ffc006a0        3c   data ,g         * 
  _ch7_rom
                                  ffc006dc        3c   data ,g         * 
  _g_handles
                                  ffc00718        34   data ,g         * 
FILE=HardwareDebug\r_cmtw_rx.obj
                                  ffc0074c  ffc0083b        f0
  _g_cmtw_rom_ch0
                                  ffc0074c        64   data ,g         * 
  _g_cmtw_rom_ch1
                                  ffc007b0        64   data ,g         * 
  _g_cmtw_handles
                                  ffc00814         8   data ,g         * 
  _g_cmtw_clock_divisors
                                  ffc0081c        10   data ,l         * 
  _g_cmtw_time_units
                                  ffc0082c        10   data ,l         * 
FILE=xfoprep
                                  ffc0083c  ffc00883        48
  _init$1
                                  ffc0083c        48   data ,l         * 
FILE=xprintf
                                  ffc00884  ffc0089b        18
  _fbit$2
                                  ffc00884        18   data ,l         * 
FILE=xfopen
                                  ffc0089c  ffc008ab        10
  _rwacc$1
                                  ffc0089c        10   data ,l         * 
FILE=xldtob
                                  ffc008ac  ffc008c3        18
  _pows
                                  ffc008ac        18   data ,l         * 
FILE=_sbrk_si
                                  ffc008c4  ffc008c7         4
  __sbrk_size
                                  ffc008c4         4   data ,g         * 

SECTION=C$DSEC
FILE=HardwareDebug\dbsct.obj
                                  ffc008c8  ffc008eb        24
  __DTBL
                                  ffc008c8        24   data ,g         * 

SECTION=C$BSEC
FILE=HardwareDebug\dbsct.obj
                                  ffc008ec  ffc00903        18
  __BTBL
                                  ffc008ec        18   data ,g         * 

SECTION=C$VECT
FILE=HardwareDebug\resetprg.obj
                                  ffc00904  ffc00d03       400

SECTION=D
FILE=HardwareDebug\lowsrc.obj
                                  ffc00d04  ffc00d17        14
FILE=HardwareDebug\sbrk.obj
                                  ffc00d18  ffc00d1b         4
FILE=HardwareDebug\r_sys_time_rx.obj
                                  ffc00d1c  ffc00d1f         4
FILE=HardwareDebug\main.obj
                                  ffc00d20  ffc00d27         8
FILE=HardwareDebug\r_sci_rx64m_data.obj
                                  ffc00d28  ffc00d87        60
FILE=HardwareDebug\r_cmtw_rx.obj
                                  ffc00d88  ffc00dc7        40
FILE=HardwareDebug\TmManager.obj
                                  ffc00dc8  ffc00dd7        10
FILE=xfiles
                                  ffc00dd8  ffc00eaf        d8
FILE=xprintf
                                  ffc00eb0  ffc00eb3         4
FILE=xctype
                                  ffc00eb4  ffc00ebb         8
FILE=malloc
                                  ffc00ebc  ffc00ec3         8
FILE=xstate
                                  ffc00ec4  ffc00f0b        48
FILE=localeco
                                  ffc00f0c  ffc00f5f        54
FILE=xwcstate
                                  ffc00f60  ffc00fa3        44
FILE=xfvalues
                                  ffc00fa4  ffc0101b        78

SECTION=D_1
FILE=HardwareDebug\main.obj
                                  ffc0101c  ffc0101d         2
FILE=HardwareDebug\r_byteq.obj
                                  ffc0101e  ffc0101e         1
FILE=xfiles
                                  ffc0101f  ffc0106e        50
FILE=xstate
                                  ffc0106f  ffc0106f         1

SECTION=L
FILE=HardwareDebug\dbsct.obj
                                  ffc01070  ffc01073         4
  _deadSpace
                                  ffc01070         4   data ,g         * 
FILE=HardwareDebug\lowsrc.obj
                                  ffc01074  ffc010b5        42
FILE=HardwareDebug\mcu_clocks.obj
                                  ffc010b8  ffc010c3         c
FILE=HardwareDebug\r_sys_time_rx.obj
                                  ffc010c4  ffc010c7         4
FILE=HardwareDebug\main.obj
                                  ffc010c8  ffc011b1        ea
FILE=HardwareDebug\TmManager.obj
                                  ffc011b4  ffc01217        64
FILE=xprintf
                                  ffc01218  ffc0121e         7
FILE=xldtob
                                  ffc01220  ffc01241        22
FILE=xgenld
                                  ffc01244  ffc01245         2
FILE=localeco
                                  ffc01248  ffc01254         d

SECTION=P
FILE=HardwareDebug\hwsetup.obj
                                  ffc01255  ffc012d6        82
  _hardware_setup
                                  ffc01255         e   func ,g         * 
  _output_ports_configure
                                  ffc01263        6a   func ,l         * 
  _interrupts_configure
                                  ffc012cd         1   func ,l         * 
  _peripheral_modules_enable
                                  ffc012ce         9   func ,l         * 
FILE=HardwareDebug\lowsrc.obj
                                  ffc012d7  ffc01592       2bc
  __INIT_IOLIB
                                  ffc012d7        be   func ,g         * 
  __CLOSEALL
                                  ffc01395        3e   func ,g         * 
  _open
                                  ffc013d3        a7   func ,g         * 
  _close
                                  ffc0147a         b   func ,g         * 
  _write
                                  ffc01485        8c   func ,g         * 
  _read
                                  ffc01511        71   func ,g         * 
  _lseek
                                  ffc01582        11   func ,g         * 
FILE=HardwareDebug\resetprg.obj
                                  ffc01593  ffc01734       1a2
  _PowerON_Reset_PC
                                  ffc01593        5f   entry,g         * 
  _operating_frequency_set
                                  ffc015f2        82   func ,l         * 
  _clock_source_select
                                  ffc01674        c1   func ,l         * 
FILE=HardwareDebug\sbrk.obj
                                  ffc01735  ffc01770        3c
  _sbrk
                                  ffc01735        3c   func ,g         * 
FILE=HardwareDebug\vecttbl.obj
                                  ffc01771  ffc0192b       1bb
  _excep_supervisor_inst_isr
                                  ffc01771        18   func ,g         * 
  _excep_access_isr
                                  ffc01789        18   func ,g         * 
  _excep_undefined_inst_isr
                                  ffc017a1        18   func ,g         * 
  _excep_floating_point_isr
                                  ffc017b9        2a   func ,g         * 
  _non_maskable_isr
                                  ffc017e3       112   func ,g         * 
  _undefined_interrupt_source_isr
                                  ffc018f5        18   func ,g         * 
  _bus_error_isr
                                  ffc0190d        1f   func ,g         * 
FILE=HardwareDebug\r_bsp_common.obj
                                  ffc0192c  ffc01a59       12e
  _R_BSP_GetVersion
                                  ffc0192c         e   func ,g         * 
  _R_BSP_GetIClkFreqHz
                                  ffc0193a         a   func ,g         * 
  _R_BSP_SoftwareDelay
                                  ffc01944       116   func ,g         * 
FILE=HardwareDebug\cpu.obj
                                  ffc01a5a  ffc01b7d       124
  _R_BSP_InterruptsDisable
                                  ffc01a5a         3   func ,g         * 
  _R_BSP_InterruptsEnable
                                  ffc01a5d         3   func ,g         * 
  _R_BSP_CpuInterruptLevelRead
                                  ffc01a60         e   func ,g         * 
  _R_BSP_CpuInterruptLevelWrite
                                  ffc01a6e        2c   func ,g         * 
  _R_BSP_RegisterProtectEnable
                                  ffc01a9a        6e   func ,g         * 
  _R_BSP_RegisterProtectDisable
                                  ffc01b08        54   func ,g         * 
  _bsp_register_protect_open
                                  ffc01b5c        22   func ,g         * 
FILE=HardwareDebug\locking.obj
                                  ffc01b7e  ffc01be1        64
  _R_BSP_SoftwareLock
                                  ffc01b7e        24   func ,g         * 
  _R_BSP_SoftwareUnlock
                                  ffc01ba2         e   func ,g         * 
  _R_BSP_HardwareLock
                                  ffc01bb0        19   func ,g         * 
  _R_BSP_HardwareUnlock
                                  ffc01bc9        19   func ,g         * 
FILE=HardwareDebug\mcu_clocks.obj
                                  ffc01be2  ffc01cb7        d6
  _get_iclk_freq_hz
                                  ffc01be2        d6   func ,g         * 
FILE=HardwareDebug\mcu_init.obj
                                  ffc01cb8  ffc01d3b        84
  _bsp_non_existent_port_init
                                  ffc01cb8        84   func ,g         * 
FILE=HardwareDebug\mcu_interrupts.obj
                                  ffc01d3c  ffc02a33       cf8
  _bsp_interrupt_open
                                  ffc01d3c        2b   func ,g         * 
  _R_BSP_InterruptWrite
                                  ffc01d67        4b   func ,g         * 
  _R_BSP_InterruptRead
                                  ffc01db2        51   func ,g         * 
  _R_BSP_InterruptControl
                                  ffc01e03        a6   func ,g         * 
  _bsp_interrupt_enable_disable
                                  ffc01ea9        a2   func ,g         * 
  _bsp_interrupt_group_enable_disable
                                  ffc01f4b       286   func ,g         * 
  _group_bl0_handler_isr
                                  ffc021d1       354   func ,g         * 
  _group_bl1_handler_isr
                                  ffc02525       271   func ,g         * 
  _group_al0_handler_isr
                                  ffc02796       21a   func ,g         * 
  _group_al1_handler_isr
                                  ffc029b0        84   func ,g         * 
FILE=HardwareDebug\mcu_mapped_interrupts.obj
                                  ffc02a34  ffc02e72       43f
  _bsp_mapped_interrupt_open
                                  ffc02a34       43f   func ,g         * 
FILE=HardwareDebug\r_cmt_rx.obj
                                  ffc02e73  ffc0353e       6cc
  _R_CMT_CreatePeriodic
                                  ffc02e73        1a   func ,g         * 
  _R_CMT_CreateOneShot
                                  ffc02e8d        22   func ,g         * 
  _R_CMT_Stop
                                  ffc02eaf        37   func ,g         * 
  _R_CMT_Control
                                  ffc02ee6       13d   func ,g         * 
  _cmt_create
                                  ffc03023        74   func ,l         * 
  _cmt_lock_state
                                  ffc03097        12   func ,l         * 
  _cmt_unlock_state
                                  ffc030a9         7   func ,l         * 
  _cmt_find_channel
                                  ffc030b0        37   func ,l         * 
  _power_on
                                  ffc030e7        8e   func ,l         * 
  _power_off
                                  ffc03175        c0   func ,l         * 
  _cmt_counter_start
                                  ffc03235        fa   func ,l         * 
  _cmt_counter_stop
                                  ffc0332f        db   func ,l         * 
  _cmt_setup_channel
                                  ffc0340a        94   func ,l         * 
  _R_CMT_GetVersion
                                  ffc0349e         e   func ,g         * 
  _cmt_isr_common
                                  ffc034ac        57   func ,l         * 
  _cmt0_isr
                                  ffc03503         f   func ,l         * 
  _cmt1_isr
                                  ffc03512         f   func ,l         * 
  _cmt2_isr
                                  ffc03521         f   func ,l         * 
  _cmt3_isr
                                  ffc03530         f   func ,l         * 
FILE=HardwareDebug\r_pinset.obj
                                  ffc0353f  ffc037b2       274
  _R_ETHER_PinSet_ETHERC0_MII
                                  ffc0353f       13a   func ,g         * 
  _R_ETHER_PinSet_ETHERC1_MII
                                  ffc03679       13a   func ,g         * 
FILE=HardwareDebug\r_sys_time_rx.obj
                                  ffc037b3  ffc03fe5       833
  _R_SYS_TIME_Open
                                  ffc037b3        7f   func ,g         * 
  _R_SYS_TIME_GetCurrentTime
                                  ffc03832        1a   func ,g         * 
  _R_SYS_TIME_SetCurrentTime
                                  ffc0384c       214   func ,g         * 
  _R_SYS_TIME_ConvertUnixTimeToSystemTime
                                  ffc03a60       1cf   func ,g         * 
  _R_SYS_TIME_RegisterPeriodicCallback
                                  ffc03c2f        c6   func ,g         * 
  _R_SYS_TIME_UnregisterPeriodicCallback
                                  ffc03cf5        71   func ,g         * 
  _R_SYS_TIME_IsPeriodicCallbackRegistered
                                  ffc03d66        50   func ,g         * 
  _R_SYS_TIME_Close
                                  ffc03db6        38   func ,g         * 
  _R_SYS_TIME_GetVersion
                                  ffc03dee         d   func ,g         * 
  _sys_time_process
                                  ffc03dfb       199   func ,l         * 
  _is_leap_year
                                  ffc03f94        52   func ,l         * 
FILE=HardwareDebug\main.obj
                                  ffc03fe6  ffc044c6       4e1
  _LoRaJoin
                                  ffc03fe6        40   func ,g         * 
  _LORA_Recieve
                                  ffc04026        8c   func ,g         * 
  _sensorSend
                                  ffc040b2        47   func ,g         * 
  _sensorRead
                                  ffc040f9        b4   func ,g         * 
  _main
                                  ffc041ad        fe   func ,g         * 
  _init_mtu0
                                  ffc042ab        97   func ,g         * 
  _UARTInit
                                  ffc04342        88   func ,l         * 
  _my_sci_callback_ch2
                                  ffc043ca        3a   func ,g         * 
  _my_sci_callback_ch1
                                  ffc04404        3a   func ,g         * 
  _Rx64MInitPorts
                                  ffc0443e        89   func ,l         * 
FILE=HardwareDebug\r_sci_rx.obj
                                  ffc044c7  ffc04ed7       a11
  _R_SCI_Open
                                  ffc044c7       198   func ,g         * 
  _power_on
                                  ffc0465f        21   func ,l         * 
  _power_off
                                  ffc04680        1f   func ,l         * 
  _sci_init_queues
                                  ffc0469f        e1   func ,l         * 
  _sci_init_async
                                  ffc04780       180   func ,l         * 
  _R_SCI_Send
                                  ffc04900        99   func ,g         * 
  _sci_send_async_data
                                  ffc04999        81   func ,l         * 
  _sci_put_byte
                                  ffc04a1a        1c   func ,l         * 
  _sci_transfer
                                  ffc04a36        40   func ,l         * 
  _txi_handler
                                  ffc04a76         9   func ,g         * 
  _R_SCI_Receive
                                  ffc04a7f        99   func ,g         * 
  _sci_receive_async_data
                                  ffc04b18        7a   func ,l         * 
  _sci_receive
                                  ffc04b92        5e   func ,l         * 
  _rxi_handler
                                  ffc04bf0         9   func ,g         * 
  _sci_error
                                  ffc04bf9        bb   func ,l         * 
  _eri_handler
                                  ffc04cb4         9   func ,g         * 
  _R_SCI_Control
                                  ffc04cbd       1bb   func ,g         * 
  _R_SCI_Close
                                  ffc04e78        53   func ,g         * 
  _R_SCI_GetVersion
                                  ffc04ecb         d   func ,g         * 
FILE=HardwareDebug\r_sci_rx64m.obj
                                  ffc04ed8  ffc056ae       7d7
  _sci_mcu_param_check
                                  ffc04ed8        29   func ,g         * 
  _sci_init_register
                                  ffc04f01       121   func ,g         * 
  _sci_init_bit_rate
                                  ffc05022       238   func ,g         * 
  _sci_initialize_ints
                                  ffc0525a        da   func ,g         * 
  _sci_disable_ints
                                  ffc05334        5a   func ,g         * 
  _sci1_txi1_isr
                                  ffc0538e        14   func ,l         * 
  _sci6_txi6_isr
                                  ffc053a2        14   func ,l         * 
  _sci7_txi7_isr
                                  ffc053b6        14   func ,l         * 
  _sci1_rxi1_isr
                                  ffc053ca        14   func ,l         * 
  _sci6_rxi6_isr
                                  ffc053de        14   func ,l         * 
  _sci7_rxi7_isr
                                  ffc053f2        14   func ,l         * 
  _sci1_eri1_isr
                                  ffc05406        10   func ,g         * 
  _sci6_eri6_isr
                                  ffc05416        10   func ,g         * 
  _sci7_eri7_isr
                                  ffc05426        10   func ,g         * 
  _sci_async_cmds
                                  ffc05436       279   func ,g         * 
FILE=HardwareDebug\r_byteq.obj
                                  ffc056af  ffc058c6       218
  _R_BYTEQ_Open
                                  ffc056af        c8   func ,g         * 
  _R_BYTEQ_Put
                                  ffc05777        51   func ,g         * 
  _R_BYTEQ_Get
                                  ffc057c8        5a   func ,g         * 
  _R_BYTEQ_Flush
                                  ffc05822        24   func ,g         * 
  _R_BYTEQ_Used
                                  ffc05846        2b   func ,g         * 
  _R_BYTEQ_Unused
                                  ffc05871        30   func ,g         * 
  _R_BYTEQ_Close
                                  ffc058a1        19   func ,g         * 
  _R_BYTEQ_GetVersion
                                  ffc058ba         d   func ,g         * 
FILE=HardwareDebug\lowlvl.obj
                                  ffc058c7  ffc058f6        30
  _charput
                                  ffc058c7        18   func ,g         * 
  _charget
                                  ffc058df        18   func ,g         * 
FILE=HardwareDebug\r_cmtw_rx.obj
                                  ffc058f7  ffc065b7       cc1
  _R_CMTW_Open
                                  ffc058f7       509   func ,g         * 
  _R_CMTW_Close
                                  ffc05e00       16c   func ,g         * 
  _R_CMTW_Control
                                  ffc05f6c       133   func ,g         * 
  _R_CMTW_GetVersion
                                  ffc0609f         e   func ,g         * 
  _power_on
                                  ffc060ad        24   func ,l         * 
  _power_off
                                  ffc060d1        22   func ,l         * 
  _calculate_count
                                  ffc060f3        8c   func ,l         * 
  _cmtw_cm_ch0_isr
                                  ffc0617f        5e   func ,l         * 
  _cmtw_oc0_ch0_isr
                                  ffc061dd        6e   func ,l         * 
  _cmtw_oc1_ch0_isr
                                  ffc0624b        6e   func ,l         * 
  _cmtw_ic0_ch0_isr
                                  ffc062b9        5f   func ,l         * 
  _cmtw_ic1_ch0_isr
                                  ffc06318        5f   func ,l         * 
  _cmtw_cm_ch1_isr
                                  ffc06377        5f   func ,l         * 
  _cmtw_oc0_ch1_isr
                                  ffc063d6        6f   func ,l         * 
  _cmtw_oc1_ch1_isr
                                  ffc06445        6f   func ,l         * 
  _cmtw_ic0_ch1_isr
                                  ffc064b4        60   func ,l         * 
  _cmtw_ic1_ch1_isr
                                  ffc06514        60   func ,l         * 
  _cmtw_isr_common
                                  ffc06574        44   func ,l         * 
FILE=HardwareDebug\TmManager.obj
                                  ffc065b8  ffc066d1       11a
  _Cmtw0Callback
                                  ffc065b8        40   func ,g         * 
  _CmtwInit
                                  ffc065f8        5b   func ,g         * 
  _StartCountDown
                                  ffc06653        45   func ,g         * 
  _CheckCountDown
                                  ffc06698        2c   func ,g         * 
  _DelayMs
                                  ffc066c4         e   func ,g         * 
FILE=freopen
                                  ffc066d2  ffc06700        2f
  _freopen
                                  ffc066d2        2f   func ,g         * 
FILE=fclose
                                  ffc06701  ffc06754        54
  _fclose
                                  ffc06701        54   func ,g         * 
FILE=printf
                                  ffc06755  ffc06793        3f
  _prout
                                  ffc06755        1d   func ,l         * 
  _printf
                                  ffc06772        22   func ,g         * 
FILE=sprintf
                                  ffc06794  ffc067ca        37
  _prout
                                  ffc06794         b   func ,l         * 
  _sprintf
                                  ffc0679f        2c   func ,g         * 
FILE=__COM_DIV64u
                                  ffc067cb  ffc06863        99
  __COM_DIV64u
                                  ffc067cb         0   none ,g         * 
  _Loop_Init
                                  ffc067d5         0   none ,l         * 
  _Loop
                                  ffc067dd         0   none ,l         * 
  _DivStart
                                  ffc067e9         0   none ,l         * 
  _Success
                                  ffc067f7         0   none ,l         * 
  _DivEnd
                                  ffc06803         0   none ,l         * 
  IXI6DIV
                                  ffc06808         0   none ,l         * 
  IXI4DIV
                                  ffc0681a         0   none ,l         * 
  IXI2DIV
                                  ffc0682a         0   none ,l         * 
  I8I2DIV
                                  ffc06832         0   none ,l         * 
  I4I2DIV
                                  ffc06860         0   none ,l         * 
  _i8divU_End
                                  ffc06863         0   none ,l         * 
FILE=__initsct
                                  ffc06864  ffc068ad        4a
  __INITSCT
                                  ffc06864         0   none ,g         * 
  loop1
                                  ffc06876         0   none ,l         * 
  next_loop1
                                  ffc06884         0   none ,l         * 
  loop3
                                  ffc06896         0   none ,l         * 
  next_loop3
                                  ffc068a7         0   none ,l         * 
FILE=memset
                                  ffc068ae  ffc068b4         7
  _memset
                                  ffc068ae         7   func ,g         * 
FILE=fwrite
                                  ffc068b5  ffc06987        d3
  _fwrite
                                  ffc068b5        d3   func ,g         * 
FILE=fflush
                                  ffc06988  ffc06a0a        83
  _fflush
                                  ffc06988        83   func ,g         * 
FILE=xfoprep
                                  ffc06a0b  ffc06ae0        d6
  __Foprep
                                  ffc06a0b        d6   func ,g         * 
FILE=xfofind
                                  ffc06ae1  ffc06b6e        8e
  __Fofind
                                  ffc06ae1        45   func ,g         * 
  __Fofree
                                  ffc06b26        49   func ,g         * 
FILE=xprintf
                                  ffc06b6f  ffc06ddf       271
  __Printf
                                  ffc06b6f       271   func ,g         * 
FILE=free
                                  ffc06de0  ffc06e62        83
  _free
                                  ffc06de0        83   func ,g         * 
FILE=xfwprep
                                  ffc06e63  ffc06efb        99
  __Fwprep
                                  ffc06e63        99   func ,g         * 
FILE=xputfld
                                  ffc06efc  ffc07392       497
  __Putfld
                                  ffc06efc       497   func ,g         * 
FILE=xfopen
                                  ffc07393  ffc073c2        30
  __Fopen
                                  ffc07393        30   func ,g         * 
FILE=xvacopy
                                  ffc073c3  ffc073ca         8
  __Vacopy
                                  ffc073c3         8   func ,g         * 
FILE=xputtxt
                                  ffc073cb  ffc076af       2e5
  __Puttxt
                                  ffc073cb       2e5   func ,g         * 
FILE=strchr
                                  ffc076b0  ffc076c2        13
  _strchr
                                  ffc076b0        13   func ,g         * 
FILE=xctype
                                  ffc076c3  ffc076d8        16
  __Getpctype
                                  ffc076c3        16   func ,g         * 
FILE=malloc
                                  ffc076d9  ffc077b6        de
  _findmem
                                  ffc076d9        7b   func ,l         * 
  _malloc
                                  ffc07754        63   func ,g         * 
FILE=xldtob
                                  ffc077b7  ffc07ba6       3f0
  __Ldtob
                                  ffc077b7       3f0   func ,g         * 
FILE=xputstr
                                  ffc07ba7  ffc07c86        e0
  __Putstr
                                  ffc07ba7        e0   func ,g         * 
FILE=xlitob
                                  ffc07c87  ffc07d9c       116
  __Litob
                                  ffc07c87       116   func ,g         * 
FILE=xgetmem
                                  ffc07d9d  ffc07db7        1b
  __Getmem
                                  ffc07d9d        1b   func ,g         * 
FILE=xgenld
                                  ffc07db8  ffc0807a       2c3
  __Genld
                                  ffc07db8       2c3   func ,g         * 
FILE=xwctomb
                                  ffc0807b  ffc081d0       156
  __Wctombx
                                  ffc0807b       110   func ,g         * 
  __Wctomb
                                  ffc0818b        46   func ,g         * 
FILE=xstate
                                  ffc081d1  ffc08202        32
  __Getmbcurmax
                                  ffc081d1        16   func ,g         * 
  __Getpmbstate
                                  ffc081e7        1c   func ,g         * 
FILE=xldscale
                                  ffc08203  ffc08206         4
  __LDscale
                                  ffc08203         4   func ,g         * 
FILE=xldunsca
                                  ffc08207  ffc0820a         4
  __LDunscale
                                  ffc08207         4   func ,g         * 
FILE=__COM_MOD64u
                                  ffc0820b  ffc08291        87
  __COM_MOD64u
                                  ffc0820b         0   none ,g         * 
  _Loop_Init
                                  ffc08215         0   none ,l         * 
  _Loop
                                  ffc08219         0   none ,l         * 
  _DivStart
                                  ffc08225         0   none ,l         * 
  _Success
                                  ffc08233         0   none ,l         * 
  _DivEnd
                                  ffc0823b         0   none ,l         * 
  IXI6DIV
                                  ffc0823c         0   none ,l         * 
  IXI4DIV
                                  ffc0824e         0   none ,l         * 
  IXI2DIV
                                  ffc0825e         0   none ,l         * 
  I8I2DIV
                                  ffc08266         0   none ,l         * 
  I4I2DIV
                                  ffc08286         0   none ,l         * 
FILE=_div
                                  ffc08292  ffc0829d         c
  _ldiv
                                  ffc08292         0   none ,g         * 
  _div
                                  ffc08292         0   none ,g         * 
FILE=localeco
                                  ffc0829e  ffc082a4         7
  _localeconv
                                  ffc0829e         7   func ,g         * 
FILE=xwcstate
                                  ffc082a5  ffc082c0        1c
  __Getpwcstate
                                  ffc082a5        1c   func ,g         * 
FILE=xfdscale
                                  ffc082c1  ffc083d9       119
  __FDscale
                                  ffc082c1       119   func ,g         * 
FILE=xfdunsca
                                  ffc083da  ffc08435        5c
  __FDunscale
                                  ffc083da        5c   func ,g         * 
FILE=xfdnorm
                                  ffc08436  ffc084a3        6e
  __FDnorm
                                  ffc08436        6e   func ,g         * 

SECTION=EXCEPTVECT
FILE=HardwareDebug\vecttbl.obj
                                  ffffff80  fffffffb        7c
  _Except_Vectors
                                  ffffff80        7c   data ,g         * 

SECTION=RESETVECT
FILE=HardwareDebug\vecttbl.obj
                                  fffffffc  ffffffff         4
  _Reset_Vector
                                  fffffffc         4   data ,g         * 

*** Unfilled Areas ***

AREA                                START    END

*** Delete Symbols ***

SYMBOL                                SIZE    INFO
